// Jest Snapshot v1, https://goo.gl/fbAQLP

exports[`ExampleComponent should match the snapshot of the DropdownMenu DOM 1`] = `
<div
  className="sendbird-dropdown"
>
  <div
    className="sendbird-dropdown__button"
  >
    <button
      className=" sendbird-iconbutton "
      disabled={false}
      onBlur={[Function]}
      onClick={[Function]}
      style={
        {
          "height": "36px",
          "width": "36px",
        }
      }
      type="button"
    >
      <span
        className="sendbird-iconbutton__inner"
      >
        <test-file-stub />
      </span>
    </button>
  </div>
</div>
`;
